2026-06-05 22:22:54 [background-preinit] INFO  o.h.validator.internal.util.Version - HV000001: Hibernate Validator 8.0.3.Final
2026-06-05 22:22:54 [main] INFO  c.a.msvehiculo.MsVehiculoApplication - Starting MsVehiculoApplication using Java 26.0.1 with PID 31656 (C:\Users\jaelm\OneDrive\Documentos\DUOC 3ER SEMESTRE\ing de software\ms-vehiculo\target\classes started by jaelm in C:\Users\jaelm\OneDrive\Documentos\DUOC 3ER SEMESTRE\ing de software\ms-vehiculo)
2026-06-05 22:22:54 [main] DEBUG c.a.msvehiculo.MsVehiculoApplication - Running with Spring Boot v3.5.14, Spring v6.2.18
2026-06-05 22:22:54 [main] INFO  c.a.msvehiculo.MsVehiculoApplication - No active profile set, falling back to 1 default profile: "default"
2026-06-05 22:22:54 [main] INFO  o.s.d.r.c.RepositoryConfigurationDelegate - Bootstrapping Spring Data JPA repositories in DEFAULT mode.
2026-06-05 22:22:54 [main] INFO  o.s.d.r.c.RepositoryConfigurationDelegate - Finished Spring Data repository scanning in 34 ms. Found 1 JPA repository interface.
2026-06-05 22:22:55 [main] INFO  o.s.b.w.e.tomcat.TomcatWebServer - Tomcat initialized with port 8082 (http)
2026-06-05 22:22:55 [main] INFO  o.a.coyote.http11.Http11NioProtocol - Initializing ProtocolHandler ["http-nio-8082"]
2026-06-05 22:22:55 [main] INFO  o.a.catalina.core.StandardService - Starting service [Tomcat]
2026-06-05 22:22:55 [main] INFO  o.a.catalina.core.StandardEngine - Starting Servlet engine: [Apache Tomcat/10.1.54]
2026-06-05 22:22:55 [main] INFO  o.a.c.c.C.[Tomcat].[localhost].[/] - Initializing Spring embedded WebApplicationContext
2026-06-05 22:22:55 [main] INFO  o.s.b.w.s.c.ServletWebServerApplicationContext - Root WebApplicationContext: initialization completed in 966 ms
2026-06-05 22:22:55 [main] INFO  com.zaxxer.hikari.HikariDataSource - HikariPool-1 - Starting...
2026-06-05 22:22:55 [main] INFO  com.zaxxer.hikari.pool.HikariPool - HikariPool-1 - Added connection com.mysql.cj.jdbc.ConnectionImpl@154b8cb6
2026-06-05 22:22:55 [main] INFO  com.zaxxer.hikari.HikariDataSource - HikariPool-1 - Start completed.
2026-06-05 22:22:55 [main] INFO  org.flywaydb.core.FlywayExecutor - Database: jdbc:mysql://localhost:3306/vehiculos_db (MySQL 5.5)
2026-06-05 22:22:55 [main] INFO  o.f.core.internal.command.DbValidate - Successfully validated 1 migration (execution time 00:00.032s)
2026-06-05 22:22:55 [main] INFO  o.f.core.internal.command.DbMigrate - Current version of schema `vehiculos_db`: 1
2026-06-05 22:22:55 [main] INFO  o.f.core.internal.command.DbMigrate - Schema `vehiculos_db` is up to date. No migration necessary.
2026-06-05 22:22:55 [main] INFO  o.h.jpa.internal.util.LogHelper - HHH000204: Processing PersistenceUnitInfo [name: default]
2026-06-05 22:22:55 [main] INFO  org.hibernate.Version - HHH000412: Hibernate ORM core version 6.6.49.Final
2026-06-05 22:22:55 [main] INFO  o.h.c.i.RegionFactoryInitiator - HHH000026: Second-level cache disabled
2026-06-05 22:22:56 [main] INFO  o.s.o.j.p.SpringPersistenceUnitInfo - No LoadTimeWeaver setup: ignoring JPA class transformer
2026-06-05 22:22:56 [main] WARN  org.hibernate.dialect.Dialect - HHH000511: The 5.5.5 version for [org.hibernate.dialect.MySQLDialect] is no longer supported, hence certain features may not work properly. The minimum supported version is 8.0.0. Check the community dialects project for available legacy versions.
2026-06-05 22:22:56 [main] INFO  o.hibernate.orm.connections.pooling - HHH10001005: Database info:
	Database JDBC URL [Connecting through datasource 'HikariDataSource (HikariPool-1)']
	Database driver: undefined/unknown
	Database version: 5.5.5
	Autocommit mode: undefined/unknown
	Isolation level: undefined/unknown
	Minimum pool size: undefined/unknown
	Maximum pool size: undefined/unknown
2026-06-05 22:22:56 [main] INFO  o.h.e.t.j.p.i.JtaPlatformInitiator - HHH000489: No JTA platform available (set 'hibernate.transaction.jta.platform' to enable JTA platform integration)
2026-06-05 22:22:56 [main] INFO  o.s.o.j.LocalContainerEntityManagerFactoryBean - Initialized JPA EntityManagerFactory for persistence unit 'default'
2026-06-05 22:22:57 [main] INFO  o.a.coyote.http11.Http11NioProtocol - Starting ProtocolHandler ["http-nio-8082"]
2026-06-05 22:22:57 [main] INFO  o.s.b.w.e.tomcat.TomcatWebServer - Tomcat started on port 8082 (http) with context path '/'
2026-06-05 22:22:57 [main] INFO  c.a.msvehiculo.MsVehiculoApplication - Started MsVehiculoApplication in 3.768 seconds (process running for 4.122)
2026-06-05 22:25:43 [http-nio-8082-exec-1] INFO  o.a.c.c.C.[Tomcat].[localhost].[/] - Initializing Spring DispatcherServlet 'dispatcherServlet'
2026-06-05 22:25:43 [http-nio-8082-exec-1] INFO  o.s.web.servlet.DispatcherServlet - Initializing Servlet 'dispatcherServlet'
2026-06-05 22:25:43 [http-nio-8082-exec-1] INFO  o.s.web.servlet.DispatcherServlet - Completed initialization in 0 ms
2026-06-05 22:25:44 [http-nio-8082-exec-9] INFO  o.s.api.AbstractOpenApiResource - Init duration for springdoc-openapi is: 369 ms
2026-06-05 22:26:41 [http-nio-8082-exec-5] INFO  c.a.m.controller.VehiculoController - Petición GET recibida para obtener todos los vehículos
2026-06-05 22:26:41 [http-nio-8082-exec-5] INFO  c.a.m.service.VehiculoService - Obteniendo todos los vehículos
2026-06-05 22:27:37 [http-nio-8082-exec-2] INFO  c.a.m.controller.VehiculoController - Petición POST recibida para registrar vehículo con patente: XY1234
2026-06-05 22:27:37 [http-nio-8082-exec-2] INFO  c.a.m.service.VehiculoService - Intentando registrar vehículo con patente: XY1234
2026-06-05 22:27:37 [http-nio-8082-exec-2] INFO  c.a.m.service.VehiculoService - Vehículo registrado exitosamente con ID: 1
2026-06-05 22:27:43 [http-nio-8082-exec-7] INFO  c.a.m.controller.VehiculoController - Petición POST recibida para registrar vehículo con patente: XY1234
2026-06-05 22:27:43 [http-nio-8082-exec-7] INFO  c.a.m.service.VehiculoService - Intentando registrar vehículo con patente: XY1234
2026-06-05 22:27:43 [http-nio-8082-exec-7] WARN  c.a.m.service.VehiculoService - Ya existe un vehículo con la patente: XY1234
2026-06-05 22:27:43 [http-nio-8082-exec-7] WARN  c.a.m.e.GlobalExceptionHandler - Intento de registro duplicado: Ya existe un vehículo registrado con la patente: XY1234
2026-06-05 22:29:26 [http-nio-8082-exec-9] INFO  c.a.m.controller.VehiculoController - Petición POST recibida para registrar vehículo con patente: ZZ9999
2026-06-05 22:29:26 [http-nio-8082-exec-9] INFO  c.a.m.service.VehiculoService - Intentando registrar vehículo con patente: ZZ9999
2026-06-05 22:29:26 [http-nio-8082-exec-9] INFO  c.a.m.service.VehiculoService - Vehículo registrado exitosamente con ID: 2
2026-06-05 22:30:09 [http-nio-8082-exec-5] INFO  c.a.m.controller.VehiculoController - Petición GET recibida para obtener todos los vehículos
2026-06-05 22:30:09 [http-nio-8082-exec-5] INFO  c.a.m.service.VehiculoService - Obteniendo todos los vehículos
2026-06-05 22:38:23 [SpringApplicationShutdownHook] INFO  o.s.b.w.e.tomcat.GracefulShutdown - Commencing graceful shutdown. Waiting for active requests to complete
2026-06-05 22:38:23 [tomcat-shutdown] INFO  o.s.b.w.e.tomcat.GracefulShutdown - Graceful shutdown complete
2026-06-05 22:38:24 [SpringApplicationShutdownHook] INFO  o.s.o.j.LocalContainerEntityManagerFactoryBean - Closing JPA EntityManagerFactory for persistence unit 'default'
2026-06-05 22:38:24 [SpringApplicationShutdownHook] INFO  com.zaxxer.hikari.HikariDataSource - HikariPool-1 - Shutdown initiated...
2026-06-05 22:38:24 [SpringApplicationShutdownHook] INFO  com.zaxxer.hikari.HikariDataSource - HikariPool-1 - Shutdown completed.
2026-06-05 22:38:27 [background-preinit] INFO  o.h.validator.internal.util.Version - HV000001: Hibernate Validator 8.0.3.Final
2026-06-05 22:38:27 [main] INFO  c.a.msvehiculo.MsVehiculoApplication - Starting MsVehiculoApplication using Java 26.0.1 with PID 3536 (C:\Users\jaelm\OneDrive\Documentos\DUOC 3ER SEMESTRE\ing de software\ms-vehiculo\target\classes started by jaelm in C:\Users\jaelm\OneDrive\Documentos\DUOC 3ER SEMESTRE\ing de software\ms-vehiculo)
2026-06-05 22:38:27 [main] DEBUG c.a.msvehiculo.MsVehiculoApplication - Running with Spring Boot v3.5.14, Spring v6.2.18
2026-06-05 22:38:27 [main] INFO  c.a.msvehiculo.MsVehiculoApplication - No active profile set, falling back to 1 default profile: "default"
2026-06-05 22:38:28 [main] INFO  o.s.d.r.c.RepositoryConfigurationDelegate - Bootstrapping Spring Data JPA repositories in DEFAULT mode.
2026-06-05 22:38:28 [main] INFO  o.s.d.r.c.RepositoryConfigurationDelegate - Finished Spring Data repository scanning in 36 ms. Found 1 JPA repository interface.
2026-06-05 22:38:29 [main] INFO  o.s.b.w.e.tomcat.TomcatWebServer - Tomcat initialized with port 8082 (http)
2026-06-05 22:38:29 [main] INFO  o.a.coyote.http11.Http11NioProtocol - Initializing ProtocolHandler ["http-nio-8082"]
2026-06-05 22:38:29 [main] INFO  o.a.catalina.core.StandardService - Starting service [Tomcat]
2026-06-05 22:38:29 [main] INFO  o.a.catalina.core.StandardEngine - Starting Servlet engine: [Apache Tomcat/10.1.54]
2026-06-05 22:38:29 [main] INFO  o.a.c.c.C.[Tomcat].[localhost].[/] - Initializing Spring embedded WebApplicationContext
2026-06-05 22:38:29 [main] INFO  o.s.b.w.s.c.ServletWebServerApplicationContext - Root WebApplicationContext: initialization completed in 1157 ms
2026-06-05 22:38:29 [main] INFO  com.zaxxer.hikari.HikariDataSource - HikariPool-1 - Starting...
2026-06-05 22:38:29 [main] INFO  com.zaxxer.hikari.pool.HikariPool - HikariPool-1 - Added connection com.mysql.cj.jdbc.ConnectionImpl@4bbf38b8
2026-06-05 22:38:29 [main] INFO  com.zaxxer.hikari.HikariDataSource - HikariPool-1 - Start completed.
2026-06-05 22:38:29 [main] INFO  org.flywaydb.core.FlywayExecutor - Database: jdbc:mysql://localhost:3306/vehiculos_db (MySQL 5.5)
2026-06-05 22:38:29 [main] INFO  o.f.core.internal.command.DbValidate - Successfully validated 1 migration (execution time 00:00.026s)
2026-06-05 22:38:29 [main] INFO  o.f.core.internal.command.DbMigrate - Current version of schema `vehiculos_db`: 1
2026-06-05 22:38:29 [main] INFO  o.f.core.internal.command.DbMigrate - Schema `vehiculos_db` is up to date. No migration necessary.
2026-06-05 22:38:29 [main] INFO  o.h.jpa.internal.util.LogHelper - HHH000204: Processing PersistenceUnitInfo [name: default]
2026-06-05 22:38:29 [main] INFO  org.hibernate.Version - HHH000412: Hibernate ORM core version 6.6.49.Final
2026-06-05 22:38:29 [main] INFO  o.h.c.i.RegionFactoryInitiator - HHH000026: Second-level cache disabled
2026-06-05 22:38:29 [main] INFO  o.s.o.j.p.SpringPersistenceUnitInfo - No LoadTimeWeaver setup: ignoring JPA class transformer
2026-06-05 22:38:29 [main] WARN  org.hibernate.dialect.Dialect - HHH000511: The 5.5.5 version for [org.hibernate.dialect.MySQLDialect] is no longer supported, hence certain features may not work properly. The minimum supported version is 8.0.0. Check the community dialects project for available legacy versions.
2026-06-05 22:38:29 [main] INFO  o.hibernate.orm.connections.pooling - HHH10001005: Database info:
	Database JDBC URL [Connecting through datasource 'HikariDataSource (HikariPool-1)']
	Database driver: undefined/unknown
	Database version: 5.5.5
	Autocommit mode: undefined/unknown
	Isolation level: undefined/unknown
	Minimum pool size: undefined/unknown
	Maximum pool size: undefined/unknown
2026-06-05 22:38:30 [main] INFO  o.h.e.t.j.p.i.JtaPlatformInitiator - HHH000489: No JTA platform available (set 'hibernate.transaction.jta.platform' to enable JTA platform integration)
2026-06-05 22:38:30 [main] INFO  o.s.o.j.LocalContainerEntityManagerFactoryBean - Initialized JPA EntityManagerFactory for persistence unit 'default'
2026-06-05 22:38:31 [main] INFO  o.a.coyote.http11.Http11NioProtocol - Starting ProtocolHandler ["http-nio-8082"]
2026-06-05 22:38:31 [main] INFO  o.s.b.w.e.tomcat.TomcatWebServer - Tomcat started on port 8082 (http) with context path '/'
2026-06-05 22:38:31 [main] INFO  c.a.msvehiculo.MsVehiculoApplication - Started MsVehiculoApplication in 4.124 seconds (process running for 4.491)
2026-06-05 22:38:36 [http-nio-8082-exec-1] INFO  o.a.c.c.C.[Tomcat].[localhost].[/] - Initializing Spring DispatcherServlet 'dispatcherServlet'
2026-06-05 22:38:36 [http-nio-8082-exec-1] INFO  o.s.web.servlet.DispatcherServlet - Initializing Servlet 'dispatcherServlet'
2026-06-05 22:38:36 [http-nio-8082-exec-1] INFO  o.s.web.servlet.DispatcherServlet - Completed initialization in 0 ms
2026-06-05 22:38:37 [http-nio-8082-exec-4] INFO  o.s.api.AbstractOpenApiResource - Init duration for springdoc-openapi is: 542 ms
2026-06-05 22:44:17 [SpringApplicationShutdownHook] INFO  o.s.b.w.e.tomcat.GracefulShutdown - Commencing graceful shutdown. Waiting for active requests to complete
2026-06-05 22:44:17 [tomcat-shutdown] INFO  o.s.b.w.e.tomcat.GracefulShutdown - Graceful shutdown complete
2026-06-05 22:44:17 [SpringApplicationShutdownHook] INFO  o.s.o.j.LocalContainerEntityManagerFactoryBean - Closing JPA EntityManagerFactory for persistence unit 'default'
2026-06-05 22:44:17 [SpringApplicationShutdownHook] INFO  com.zaxxer.hikari.HikariDataSource - HikariPool-1 - Shutdown initiated...
2026-06-05 22:44:17 [SpringApplicationShutdownHook] INFO  com.zaxxer.hikari.HikariDataSource - HikariPool-1 - Shutdown completed.
